// Vitest Snapshot v1, https://vitest.dev/guide/snapshot.html

exports[`Code 1`] = `
"<pre><code class="language-js">console.log('Hello, world!');
console.log('<span class="cjk-code">你好，世界！</span>');
</code></pre>
"
`;

exports[`Complex text (1) 1`] = `"中国文字的标点符号很不完备。最古只<span class="cjk-kern">有</span>「离经辨志」的方<span class="cjk-kern">法</span>（<span class="cjk-kern">见</span>《学记》。郑玄注，离经句绝也）。大概把每句离开一二字写，如宋<span class="cjk-kern">版</span>《史记》<span class="cjk-kern">的</span>《索隐述赞》的写法。汉儒讲究章句，始<span class="cjk-kern">用</span>「句读」（何<span class="cjk-kern">休</span>《公羊传》序云：「援引他经，失其句读」。《周礼》注：「郑司农<span class="cjk-kern">读</span>『火』绝之」。读字徐邈音豆，<span class="cjk-kern">见</span>《经典释文》），又<span class="cjk-kern">称</span>「句投」（马<span class="cjk-kern">融</span>《长笛赋》），又<span class="cjk-kern">称</span>「句度」（皇甫<span class="cjk-kern">湜</span>《与李生书》）。大概语意已完的叫做句，语气未完而须停顿的叫做读。但是汉、唐人所用的符号已不可考见。只<span class="cjk-kern">有</span>《说文》<span class="cjk-kern">有</span>「乚」字，说是钩识用的，又<span class="cjk-kern">有</span>「丶」字，说是绝止用的，不知是否当时的句读符号。唐末五代以后，有了刻版书，但是大概没有标点符号。到了宋朝，馆阁校书的始用旁加圈点的符号。宋岳<span class="cjk-kern">珂</span>《九经三传沿革例》说：「监蜀诸本皆无句读，惟建本始仿馆阁校书式从旁加圈点，开卷了然，于学者为便，然亦但句读经文而已。惟蜀中字本与兴国本并点注文，益为周尽」。《增韵》也说：「今秘省校书式，凡句绝则点于字之旁，读分则微点于字之中间。」这两条说宋代用句读符号最明白。现在所传的宋相台岳氏<span class="cjk-kern">本</span>《五经》，即是用这种符号的。佛经刻本也多用此法。后来的文人用浓圈密点来表示心里所赏识的句子，于是把从前文法的符号变成了赏鉴的符号，就连古代句读的分别都埋没了。现在有些报纸书籍，无论什么样的文章都是密圈圈到底，不但不讲文法的区别，连赏鉴的意思都没有了。这种圈点和没有圈点有什么分别？"`;

exports[`Complex text (2) 1`] = `
"<p>「新浪微博™」有7人在讨论“关于‘税收/毛利’还能这样搞？”一个词条。根<span class="cjk-kern">据</span>《发改委®〈定点清除〉的通知》（财税字#6号<em>¹）及<span class="cjk-kern">现</span>【相关规定</em>²】执<span class="cjk-kern">行</span>〖法克·好撒马利亚人税〗，对象：体温37℃|98℉的一般纳税人——也就是你。生产、劳务部分<span class="cjk-kern">的</span>〔新增价值〕或商品的｛附加值｝居然也要依法征收50%！参看124页税率说明附表—；后<span class="cjk-kern">面</span>「其<span class="cjk-kern">实</span>『整个东西』都没意义」的部分也要看……For example, 此商品成本£4售价€50元，那么税率977‰印花税$61，最后毛利¢8。征税对象除了洛阳<span class="cjk-kern">铲</span>［luòyángchǎn］还包括音律<span class="cjk-kern">书</span>［yīnlǜshū］、备<span class="cjk-kern">胎</span>［bèitāi］等无关产品©~</p>
<p>征税值计算公式{T±a}=H×b-[U÷(Q/g³)+V], 至于T&lt;a还是T&gt;a甚至T和a是什么都不重要，所以就不用管了。练习一下，31×62-[8÷(59/4³)+70]=? 不会做就@哼&amp;哈二将。</p>
<p>现在插播新闻：在博柏利的 &quot;been dumb since 1980?&quot; 庆典活动上，模特JOURDAN Dunn, CHARLIE France等一众Super Big Retarded A-holes共同参加了 'It won't be easy!' 时装秀。Burberry Acoustic乐队之一的英国基音乐队(Keane, aka. homo-chorus) 在中国首演。基音乐队还在长城上发表了“I have a dream that one day this nation will rise up, live up to the true meaning of its creed; We hold these truths to be self-evident: that all men are created equal.”的山寨演讲。</p>
"
`;

exports[`Links 1`] = `"标点符号<a href="https://google.com">（谷歌）</a>，参考<a href="https://en.wikipedia.org">《维基百科》</a>（<a href="https://zh.wikipedia.org">中文版</a>）。"`;

exports[`Punctuations > Dashes 1`] = `
"<ul>
<li>啊——什麼内容……丹·布朗</li>
<li>He — who wants to achieve the goal — denied about the fact that…</li>
<li>1991－1999年　他／她</li>
<li>轻声叨念道——「好的……」</li>
<li>轻<span class="cjk-kern">声</span>（叨念道）……「好的」——</li>
</ul>
"
`;

exports[`Punctuations > Multiple 1`] = `
"<ul>
<li>这么多不认识的文件？？比 Visual Studio 还多！！</li>
<li>这么多不认识的文件！？比 Visual Studio 还多？！</li>
<li>这么多不认识的文件？？？比 Visual Studio 还多！！！</li>
</ul>
"
`;

exports[`Punctuations > Pairs (1) 1`] = `
"<ul>
<li>「何<span class="cjk-kern">谓</span>『标点挤压』？」</li>
<li>何<span class="cjk-kern">谓</span>「标<span class="cjk-kern">点</span>『挤压』」呢？</li>
<li>让我来告诉你何<span class="cjk-kern">谓</span>「『标点』挤压」。</li>
<li>让我来告诉你何<span class="cjk-kern">谓</span>「『标点』挤压。」</li>
<li>「<span class="cjk-kern">内</span>『内容』容」‘内“内容”容’</li>
<li>《書名》〈篇名〉（内容）</li>
</ul>
"
`;

exports[`Punctuations > Pairs (2) 1`] = `
"<ul>
<li>「『好』·不好」「『好』／不好」「『好』、不好」</li>
<li>「好·『不好』」「好、『不好』」</li>
<li>《书名》〈篇名〉（内容）</li>
<li>《书名》〈篇名〉（内容）「『好』、不好」</li>
<li>内<span class="cjk-kern">容</span>《書名》〈篇名〉（内容）「好、『不好』」</li>
<li>内<span class="cjk-kern">容</span>《書名》〈篇名〉（内容）『好』、「不好」</li>
<li>《书名》、「文字」、『重点』。</li>
<li>《書名》、<em>「強調」</em>、<strong>『重點』</strong>。</li>
<li>《書名》、<strong>「關鍵字」</strong>、<em>『重點』</em>。</li>
</ul>
"
`;

exports[`Punctuations > Pairs (3) 1`] = `
"<ul>
<li>「标」、「『标』」，《标》、〈标〉。「标」、「『标』」，《标》、〈标〉。「标」、「『标』」，《标》、〈标〉。「标」、「『标』」，《标》、〈标〉。「标」、「『标』」，《标》、〈标〉。「标」、「『标』」，《标》、〈标〉。</li>
<li>「标」点、「『标』」点，《标》点、（标）点。「标」点、「『标』」点，《标》点、（标）点。「标」点、「『标』」点，《标》点、（标）点。「标」点、「『标』」点，《标》点、（标）点。「标」点、「『标』」点，《标》点、（标）点。</li>
<li>「就这样，我、『那个人』和他们战斗了数个钟头，（最后）没输没赢……『那个人』逃之夭夭。」</li>
</ul>
"
`;

exports[`Punctuations > Single 1`] = `
"<ul>
<li>字。字．字，字、字；字：字？字！</li>
<li>点、点，点。点、点，点。点、点，点。点、点，点。点、点，点。点、点，点。点、点，点。点、点，点。点、点，点。点、点，点。点、点，点。</li>
</ul>
"
`;
